<html>
<body>
<pre>
<h1>µVision Build Log</h1>
<h2>Tool Versions:</h2>
IDE-Version: ¦ÌVision V5.24.2.0
Copyright (C) 2017 ARM Ltd and ARM Germany GmbH. All rights reserved.
License Information: 1 1, 1, LIC=76F5U-SD60T-2ZBW4-FTWDB-JNC0A-HVADB
 
Tool Versions:
Toolchain:       MDK-ARM Plus  Version: 5.24.1
Toolchain Path:  E:\keil\ARM\ARMCC\Bin
C Compiler:      Armcc.exe V5.06 update 5 (build 528)
Assembler:       Armasm.exe V5.06 update 5 (build 528)
Linker/Locator:  ArmLink.exe V5.06 update 5 (build 528)
Library Manager: ArmAr.exe V5.06 update 5 (build 528)
Hex Converter:   FromElf.exe V5.06 update 5 (build 528)
CPU DLL:         SARMCM3.DLL V5.24.1
Dialog DLL:      DCM.DLL V1.16.0.0
Target DLL:      STLink\ST-LINKIII-KEIL_SWO.dll V3.0.1.0
Dialog DLL:      TCM.DLL V1.32.0.0
 
<h2>Project:</h2>
C:\Users\RYT\Desktop\STM32\1\project.uvprojx
Project File Date:  03/16/2024

<h2>Output:</h2>
*** Using Compiler 'V5.06 update 5 (build 528)', folder: 'E:\keil\ARM\ARMCC\Bin'
Rebuild target 'Target 1'
compiling stm32f10x_dac.c...
compiling misc.c...
compiling stm32f10x_bkp.c...
compiling stm32f10x_crc.c...
compiling stm32f10x_cec.c...
compiling stm32f10x_adc.c...
compiling stm32f10x_can.c...
compiling stm32f10x_exti.c...
compiling stm32f10x_dma.c...
compiling stm32f10x_dbgmcu.c...
compiling stm32f10x_flash.c...
compiling stm32f10x_fsmc.c...
compiling stm32f10x_i2c.c...
compiling stm32f10x_gpio.c...
compiling stm32f10x_iwdg.c...
compiling stm32f10x_pwr.c...
compiling stm32f10x_rcc.c...
compiling stm32f10x_rtc.c...
compiling stm32f10x_spi.c...
compiling stm32f10x_sdio.c...
compiling stm32f10x_tim.c...
assembling startup_stm32f10x_md.s...
compiling core_cm3.c...
compiling stm32f10x_usart.c...
compiling stm32f10x_wwdg.c...
compiling system_stm32f10x.c...
compiling main.c...
.\qudong\led.h(4): warning:  #1295-D: Deprecated declaration led_on - give arg types
  void led_on();
.\qudong\led.h(5): warning:  #1295-D: Deprecated declaration led_off - give arg types
  void led_off();
.\qudong\led.h(6): warning:  #1295-D: Deprecated declaration led_turn - give arg types
  void led_turn();
.\qudong\key.h(4): warning:  #1295-D: Deprecated declaration key_init - give arg types
  void key_init();
.\qudong\key.h(5): warning:  #1295-D: Deprecated declaration key_num - give arg types
  uint8_t key_num();
.\qudong\butter.h(4): warning:  #1295-D: Deprecated declaration butter_turn - give arg types
  void butter_turn();
.\qudong\butter.h(5): warning:  #1295-D: Deprecated declaration butter_on - give arg types
  void butter_on();
.\qudong\butter.h(6): warning:  #1295-D: Deprecated declaration butter_off - give arg types
  void butter_off();
.\qudong\light.h(4): warning:  #1295-D: Deprecated declaration light_get - give arg types
  uint8_t light_get();
user\main.c(40): warning:  #1-D: last line of file ends without a newline
  }
user\main.c: 10 warnings, 0 errors
compiling stm32f10x_it.c...
compiling Delay.c...
compiling key.c...
qudong\key.c(29): warning:  #1-D: last line of file ends without a newline
  }
qudong\key.c: 1 warning, 0 errors
compiling led.c...
qudong\led.c(38): warning:  #1-D: last line of file ends without a newline
  }
qudong\led.c: 1 warning, 0 errors
compiling butter.c...
qudong\butter.c(24): warning:  #1-D: last line of file ends without a newline
  }
qudong\butter.c: 1 warning, 0 errors
compiling light.c...
qudong\light.c(12): warning:  #1-D: last line of file ends without a newline
  }
qudong\light.c: 1 warning, 0 errors
linking...
Program Size: Code=1628 RO-data=268 RW-data=4 ZI-data=1636  
".\Objects\project.axf" - 0 Error(s), 14 Warning(s).

<h2>Software Packages used:</h2>

Package Vendor: Keil
                http://www.keil.com/pack/Keil.STM32F1xx_DFP.2.2.0.pack
                Keil.STM32F1xx_DFP.2.2.0
                STMicroelectronics STM32F1 Series Device Support, Drivers and Examples

<h2>Collection of Component include folders:</h2>
  .\RTE\_Target_1
  E:\keil\ARM\PACK\Keil\STM32F1xx_DFP\2.2.0\Device\Include

<h2>Collection of Component Files used:</h2>
Build Time Elapsed:  00:00:02
</pre>
</body>
</html>
